Archive member included to satisfy reference by file (symbol)

/Applications/ArmGNUToolchain/14.2.rel1/arm-none-eabi/bin/../lib/gcc/arm-none-eabi/14.2.1/../../../../arm-none-eabi/lib/thumb/v7e-m+dp/hard/libc_nano.a(libc_a-exit.o)
                              /Applications/ArmGNUToolchain/14.2.rel1/arm-none-eabi/bin/../lib/gcc/arm-none-eabi/14.2.1/../../../../arm-none-eabi/lib/thumb/v7e-m+dp/hard/crt0.o (exit)
/Applications/ArmGNUToolchain/14.2.rel1/arm-none-eabi/bin/../lib/gcc/arm-none-eabi/14.2.1/../../../../arm-none-eabi/lib/thumb/v7e-m+dp/hard/libc_nano.a(libc_a-findfp.o)
                              /Applications/ArmGNUToolchain/14.2.rel1/arm-none-eabi/bin/../lib/gcc/arm-none-eabi/14.2.1/../../../../arm-none-eabi/lib/thumb/v7e-m+dp/hard/libc_nano.a(libc_a-exit.o) (__stdio_exit_handler)
/Applications/ArmGNUToolchain/14.2.rel1/arm-none-eabi/bin/../lib/gcc/arm-none-eabi/14.2.1/../../../../arm-none-eabi/lib/thumb/v7e-m+dp/hard/libc_nano.a(libc_a-fwalk.o)
                              /Applications/ArmGNUToolchain/14.2.rel1/arm-none-eabi/bin/../lib/gcc/arm-none-eabi/14.2.1/../../../../arm-none-eabi/lib/thumb/v7e-m+dp/hard/libc_nano.a(libc_a-findfp.o) (_fwalk_sglue)
/Applications/ArmGNUToolchain/14.2.rel1/arm-none-eabi/bin/../lib/gcc/arm-none-eabi/14.2.1/../../../../arm-none-eabi/lib/thumb/v7e-m+dp/hard/libc_nano.a(libc_a-memset.o)
                              /Applications/ArmGNUToolchain/14.2.rel1/arm-none-eabi/bin/../lib/gcc/arm-none-eabi/14.2.1/../../../../arm-none-eabi/lib/thumb/v7e-m+dp/hard/crt0.o (memset)
/Applications/ArmGNUToolchain/14.2.rel1/arm-none-eabi/bin/../lib/gcc/arm-none-eabi/14.2.1/../../../../arm-none-eabi/lib/thumb/v7e-m+dp/hard/libc_nano.a(libc_a-init.o)
                              /Applications/ArmGNUToolchain/14.2.rel1/arm-none-eabi/bin/../lib/gcc/arm-none-eabi/14.2.1/../../../../arm-none-eabi/lib/thumb/v7e-m+dp/hard/crt0.o (__libc_init_array)
/Applications/ArmGNUToolchain/14.2.rel1/arm-none-eabi/bin/../lib/gcc/arm-none-eabi/14.2.1/../../../../arm-none-eabi/lib/thumb/v7e-m+dp/hard/libc_nano.a(libc_a-lock.o)
                              /Applications/ArmGNUToolchain/14.2.rel1/arm-none-eabi/bin/../lib/gcc/arm-none-eabi/14.2.1/../../../../arm-none-eabi/lib/thumb/v7e-m+dp/hard/libc_nano.a(libc_a-findfp.o) (__retarget_lock_init_recursive)
/Applications/ArmGNUToolchain/14.2.rel1/arm-none-eabi/bin/../lib/gcc/arm-none-eabi/14.2.1/../../../../arm-none-eabi/lib/thumb/v7e-m+dp/hard/libc_nano.a(libc_a-impure.o)
                              /Applications/ArmGNUToolchain/14.2.rel1/arm-none-eabi/bin/../lib/gcc/arm-none-eabi/14.2.1/../../../../arm-none-eabi/lib/thumb/v7e-m+dp/hard/libc_nano.a(libc_a-findfp.o) (_impure_data)
/Applications/ArmGNUToolchain/14.2.rel1/arm-none-eabi/bin/../lib/gcc/arm-none-eabi/14.2.1/../../../../arm-none-eabi/lib/thumb/v7e-m+dp/hard/libc_nano.a(libc_a-mallocr.o)
                              /Applications/ArmGNUToolchain/14.2.rel1/arm-none-eabi/bin/../lib/gcc/arm-none-eabi/14.2.1/../../../../arm-none-eabi/lib/thumb/v7e-m+dp/hard/libc_nano.a(libc_a-findfp.o) (_malloc_r)
/Applications/ArmGNUToolchain/14.2.rel1/arm-none-eabi/bin/../lib/gcc/arm-none-eabi/14.2.1/../../../../arm-none-eabi/lib/thumb/v7e-m+dp/hard/libc_nano.a(libc_a-fflush.o)
                              /Applications/ArmGNUToolchain/14.2.rel1/arm-none-eabi/bin/../lib/gcc/arm-none-eabi/14.2.1/../../../../arm-none-eabi/lib/thumb/v7e-m+dp/hard/libc_nano.a(libc_a-findfp.o) (_fflush_r)
/Applications/ArmGNUToolchain/14.2.rel1/arm-none-eabi/bin/../lib/gcc/arm-none-eabi/14.2.1/../../../../arm-none-eabi/lib/thumb/v7e-m+dp/hard/libc_nano.a(libc_a-mlock.o)
                              /Applications/ArmGNUToolchain/14.2.rel1/arm-none-eabi/bin/../lib/gcc/arm-none-eabi/14.2.1/../../../../arm-none-eabi/lib/thumb/v7e-m+dp/hard/libc_nano.a(libc_a-mallocr.o) (__malloc_lock)
/Applications/ArmGNUToolchain/14.2.rel1/arm-none-eabi/bin/../lib/gcc/arm-none-eabi/14.2.1/../../../../arm-none-eabi/lib/thumb/v7e-m+dp/hard/libc_nano.a(libc_a-stdio.o)
                              /Applications/ArmGNUToolchain/14.2.rel1/arm-none-eabi/bin/../lib/gcc/arm-none-eabi/14.2.1/../../../../arm-none-eabi/lib/thumb/v7e-m+dp/hard/libc_nano.a(libc_a-findfp.o) (__sread)
/Applications/ArmGNUToolchain/14.2.rel1/arm-none-eabi/bin/../lib/gcc/arm-none-eabi/14.2.1/../../../../arm-none-eabi/lib/thumb/v7e-m+dp/hard/libc_nano.a(libc_a-lseekr.o)
                              /Applications/ArmGNUToolchain/14.2.rel1/arm-none-eabi/bin/../lib/gcc/arm-none-eabi/14.2.1/../../../../arm-none-eabi/lib/thumb/v7e-m+dp/hard/libc_nano.a(libc_a-stdio.o) (_lseek_r)
/Applications/ArmGNUToolchain/14.2.rel1/arm-none-eabi/bin/../lib/gcc/arm-none-eabi/14.2.1/../../../../arm-none-eabi/lib/thumb/v7e-m+dp/hard/libc_nano.a(libc_a-readr.o)
                              /Applications/ArmGNUToolchain/14.2.rel1/arm-none-eabi/bin/../lib/gcc/arm-none-eabi/14.2.1/../../../../arm-none-eabi/lib/thumb/v7e-m+dp/hard/libc_nano.a(libc_a-stdio.o) (_read_r)
[...]
Memory Configuration

Name             Origin             Length             Attributes
RAM              0x24000000         0x00071c00         xrw
RAM_NONCACHEABLEBUFFER 0xc2000000         0x00000400         xrw
ITCM             0x00000000         0x00010000         xrw
DTCM             0x20000000         0x00010000         rw
SRAMAHB          0x30000000         0x00008000         rw
BKPSRAM          0x38800000         0x00001000         rw
APP_SDRAM        0xc1000000         0x00800000         xrw
SDRAM            0xc1800000         0x00800000         xrw
FLASH            0x00000000         0x00800000         rw
INTERNAL_FLASH   0x08000000         0x00010000         xrw
*default*        0x00000000         0xffffffff

Linker script and memory map

LOAD /Applications/ArmGNUToolchain/14.2.rel1/arm-none-eabi/bin/../lib/gcc/arm-none-eabi/14.2.1/thumb/v7e-m+dp/hard/crti.o
LOAD /Applications/ArmGNUToolchain/14.2.rel1/arm-none-eabi/bin/../lib/gcc/arm-none-eabi/14.2.1/thumb/v7e-m+dp/hard/crtbegin.o
LOAD /Applications/ArmGNUToolchain/14.2.rel1/arm-none-eabi/bin/../lib/gcc/arm-none-eabi/14.2.1/../../../../arm-none-eabi/lib/thumb/v7e-m+dp/hard/crt0.o
START GROUP
LOAD /Applications/ArmGNUToolchain/14.2.rel1/arm-none-eabi/bin/../lib/gcc/arm-none-eabi/14.2.1/../../../../arm-none-eabi/lib/thumb/v7e-m+dp/hard/libc_nano.a
LOAD /Applications/ArmGNUToolchain/14.2.rel1/arm-none-eabi/bin/../lib/gcc/arm-none-eabi/14.2.1/../../../../arm-none-eabi/lib/thumb/v7e-m+dp/hard/libm.a
END GROUP
LOAD CMakeFiles/Appli.dir/Core/Src/main.c.obj
LOAD CMakeFiles/Appli.dir/Core/Src/gpio.c.obj
LOAD CMakeFiles/Appli.dir/Core/Src/stm32h7rsxx_it.c.obj
LOAD CMakeFiles/Appli.dir/Core/Src/stm32h7rsxx_hal_msp.c.obj
LOAD CMakeFiles/Appli.dir/Core/Src/sysmem.c.obj
LOAD CMakeFiles/Appli.dir/Core/Src/syscalls.c.obj
LOAD CMakeFiles/Appli.dir/Core/Startup/startup_stm32h7r7xx.s.obj
LOAD CMakeFiles/STM32_Drivers.dir/Core/Src/system_stm32h7rsxx.c.obj
LOAD CMakeFiles/STM32_Drivers.dir/Users/petrinamigdal/mcu_prj/my_lvgl_app5/Drivers/STM32H7RSxx_HAL_Driver/Src/stm32h7rsxx_hal_cortex.c.obj
LOAD CMakeFiles/STM32_Drivers.dir/Users/petrinamigdal/mcu_prj/my_lvgl_app5/Drivers/STM32H7RSxx_HAL_Driver/Src/stm32h7rsxx_hal_rcc.c.obj
LOAD CMakeFiles/STM32_Drivers.dir/Users/petrinamigdal/mcu_prj/my_lvgl_app5/Drivers/STM32H7RSxx_HAL_Driver/Src/stm32h7rsxx_hal_rcc_ex.c.obj
LOAD CMakeFiles/STM32_Drivers.dir/Users/petrinamigdal/mcu_prj/my_lvgl_app5/Drivers/STM32H7RSxx_HAL_Driver/Src/stm32h7rsxx_hal_flash.c.obj
LOAD CMakeFiles/STM32_Drivers.dir/Users/petrinamigdal/mcu_prj/my_lvgl_app5/Drivers/STM32H7RSxx_HAL_Driver/Src/stm32h7rsxx_hal_flash_ex.c.obj
LOAD CMakeFiles/STM32_Drivers.dir/Users/petrinamigdal/mcu_prj/my_lvgl_app5/Drivers/STM32H7RSxx_HAL_Driver/Src/stm32h7rsxx_hal_gpio.c.obj
LOAD CMakeFiles/STM32_Drivers.dir/Users/petrinamigdal/mcu_prj/my_lvgl_app5/Drivers/STM32H7RSxx_HAL_Driver/Src/stm32h7rsxx_hal_dma.c.obj
LOAD CMakeFiles/STM32_Drivers.dir/Users/petrinamigdal/mcu_prj/my_lvgl_app5/Drivers/STM32H7RSxx_HAL_Driver/Src/stm32h7rsxx_hal_dma_ex.c.obj
LOAD CMakeFiles/STM32_Drivers.dir/Users/petrinamigdal/mcu_prj/my_lvgl_app5/Drivers/STM32H7RSxx_HAL_Driver/Src/stm32h7rsxx_hal_pwr.c.obj
LOAD CMakeFiles/STM32_Drivers.dir/Users/petrinamigdal/mcu_prj/my_lvgl_app5/Drivers/STM32H7RSxx_HAL_Driver/Src/stm32h7rsxx_hal_pwr_ex.c.obj
LOAD CMakeFiles/STM32_Drivers.dir/Users/petrinamigdal/mcu_prj/my_lvgl_app5/Drivers/STM32H7RSxx_HAL_Driver/Src/stm32h7rsxx_hal.c.obj
LOAD CMakeFiles/STM32_Drivers.dir/Users/petrinamigdal/mcu_prj/my_lvgl_app5/Drivers/STM32H7RSxx_HAL_Driver/Src/stm32h7rsxx_hal_exti.c.obj
START GROUP
LOAD /Applications/ArmGNUToolchain/14.2.rel1/arm-none-eabi/bin/../lib/gcc/arm-none-eabi/14.2.1/thumb/v7e-m+dp/hard/libgcc.a
LOAD /Applications/ArmGNUToolchain/14.2.rel1/arm-none-eabi/bin/../lib/gcc/arm-none-eabi/14.2.1/../../../../arm-none-eabi/lib/thumb/v7e-m+dp/hard/libg_nano.a
LOAD /Applications/ArmGNUToolchain/14.2.rel1/arm-none-eabi/bin/../lib/gcc/arm-none-eabi/14.2.1/../../../../arm-none-eabi/lib/thumb/v7e-m+dp/hard/libc_nano.a
END GROUP
START GROUP
LOAD /Applications/ArmGNUToolchain/14.2.rel1/arm-none-eabi/bin/../lib/gcc/arm-none-eabi/14.2.1/thumb/v7e-m+dp/hard/libgcc.a
LOAD /Applications/ArmGNUToolchain/14.2.rel1/arm-none-eabi/bin/../lib/gcc/arm-none-eabi/14.2.1/../../../../arm-none-eabi/lib/thumb/v7e-m+dp/hard/libc_nano.a
END GROUP
LOAD /Applications/ArmGNUToolchain/14.2.rel1/arm-none-eabi/bin/../lib/gcc/arm-none-eabi/14.2.1/thumb/v7e-m+dp/hard/crtend.o
LOAD /Applications/ArmGNUToolchain/14.2.rel1/arm-none-eabi/bin/../lib/gcc/arm-none-eabi/14.2.1/thumb/v7e-m+dp/hard/crtn.o
                0x20010000                        _estack = (ORIGIN (DTCM) + LENGTH (DTCM))
                0x00000800                        _Min_Heap_Size = 0x800
                0x00001000                        _Min_Stack_Size = 0x1000
                0x08000000                        __INTERNAL_FLASH_BEGIN = 0x8000000
                0x00010000                        __INTERNAL_FLASH_SIZE = 0x10000
                0x00000000                        __FLASH_BEGIN = 0x0
                0x00800000                        __FLASH_SIZE = 0x800000
                0x24000000                        __RAM = 0x24000000
                0x00071c00                        __RAM_SIZE = 0x71c00
                0x00000400                        __RAM_NONCACHEABLEBUFFER_SIZE = 0x400

.isr_vector     0xc1000000      0x2b0 load address 0x00000000
                0xc1000000                        . = ALIGN (0x4)
 *(.isr_vector)
 .isr_vector    0xc1000000      0x2b0 CMakeFiles/Appli.dir/Core/Startup/startup_stm32h7r7xx.s.obj
                0xc1000000                g_pfnVectors
                0xc10002b0                        . = ALIGN (0x4)

.text           0xc10002b0      0xb84 load address 0x000002b0
                0xc10002b0                        . = ALIGN (0x4)
 *(.text)
 *(.text*)
 .text.deregister_tm_clones
                0xc10002b0       0x1c /Applications/ArmGNUToolchain/14.2.rel1/arm-none-eabi/bin/../lib/gcc/arm-none-eabi/14.2.1/thumb/v7e-m+dp/hard/crtbegin.o
 .text.register_tm_clones
                0xc10002cc       0x24 /Applications/ArmGNUToolchain/14.2.rel1/arm-none-eabi/bin/../lib/gcc/arm-none-eabi/14.2.1/thumb/v7e-m+dp/hard/crtbegin.o
 .text.__do_global_dtors_aux
                0xc10002f0       0x28 /Applications/ArmGNUToolchain/14.2.rel1/arm-none-eabi/bin/../lib/gcc/arm-none-eabi/14.2.1/thumb/v7e-m+dp/hard/crtbegin.o
 .text.frame_dummy
                0xc1000318       0x24 /Applications/ArmGNUToolchain/14.2.rel1/arm-none-eabi/bin/../lib/gcc/arm-none-eabi/14.2.1/thumb/v7e-m+dp/hard/crtbegin.o
 .text.__libc_init_array
                0xc100033c       0x48 /Applications/ArmGNUToolchain/14.2.rel1/arm-none-eabi/bin/../lib/gcc/arm-none-eabi/14.2.1/../../../../arm-none-eabi/lib/thumb/v7e-m+dp/hard/libc_nano.a(libc_a-init.o)
                0xc100033c                __libc_init_array
 .text.main     0xc1000384      0x10c CMakeFiles/Appli.dir/Core/Src/main.c.obj
                0xc1000384                main
 .text.MX_GPIO_Init
                0xc1000490       0x68 CMakeFiles/Appli.dir/Core/Src/gpio.c.obj
                0xc1000490                MX_GPIO_Init
 .text.NMI_Handler
                0xc10004f8        0x8 CMakeFiles/Appli.dir/Core/Src/stm32h7rsxx_it.c.obj
                0xc10004f8                NMI_Handler
 .text.HardFault_Handler
                0xc1000500        0x8 CMakeFiles/Appli.dir/Core/Src/stm32h7rsxx_it.c.obj
                0xc1000500                HardFault_Handler
 .text.MemManage_Handler
                0xc1000508        0x8 CMakeFiles/Appli.dir/Core/Src/stm32h7rsxx_it.c.obj
                0xc1000508                MemManage_Handler
 .text.BusFault_Handler
                0xc1000510        0x8 CMakeFiles/Appli.dir/Core/Src/stm32h7rsxx_it.c.obj
                0xc1000510                BusFault_Handler
 .text.UsageFault_Handler
                0xc1000518        0x8 CMakeFiles/Appli.dir/Core/Src/stm32h7rsxx_it.c.obj
                0xc1000518                UsageFault_Handler
 .text.SVC_Handler
                0xc1000520        0xe CMakeFiles/Appli.dir/Core/Src/stm32h7rsxx_it.c.obj
                0xc1000520                SVC_Handler
 .text.DebugMon_Handler
                0xc100052e        0xe CMakeFiles/Appli.dir/Core/Src/stm32h7rsxx_it.c.obj
                0xc100052e                DebugMon_Handler
 .text.PendSV_Handler
                0xc100053c        0xe CMakeFiles/Appli.dir/Core/Src/stm32h7rsxx_it.c.obj
                0xc100053c                PendSV_Handler
 .text.SysTick_Handler
                0xc100054a        0xc CMakeFiles/Appli.dir/Core/Src/stm32h7rsxx_it.c.obj
                0xc100054a                SysTick_Handler
 .text.HAL_MspInit
                0xc1000556        0xe CMakeFiles/Appli.dir/Core/Src/stm32h7rsxx_hal_msp.c.obj
                0xc1000556                HAL_MspInit
 .text.Reset_Handler
                0xc1000564       0x30 CMakeFiles/Appli.dir/Core/Startup/startup_stm32h7r7xx.s.obj
                0xc1000564                Reset_Handler
 .text.Default_Handler
                0xc1000594        0x2 CMakeFiles/Appli.dir/Core/Startup/startup_stm32h7r7xx.s.obj
                0xc1000594                HASH_IRQHandler
                0xc1000594                EXTI2_IRQHandler
                0xc1000594                SAI1_A_IRQHandler
                0xc1000594                EXTI5_IRQHandler
                0xc1000594                I3C1_ER_IRQHandler
                0xc1000594                UART8_IRQHandler
                0xc1000594                SPI4_IRQHandler
                0xc1000594                EXTI13_IRQHandler
                0xc1000594                TIM1_CC_IRQHandler
                0xc1000594                XSPI1_IRQHandler
                0xc1000594                JPEG_IRQHandler
                0xc1000594                TAMP_IRQHandler
                0xc1000594                TIM6_IRQHandler
                0xc1000594                EXTI12_IRQHandler
                0xc1000594                CORDIC_IRQHandler
                0xc1000594                GFXTIM_IRQHandler
                0xc1000594                EXTI3_IRQHandler
                0xc1000594                LPTIM4_IRQHandler
                0xc1000594                GPDMA1_Channel5_IRQHandler
                0xc1000594                EXTI8_IRQHandler
                0xc1000594                LPTIM2_IRQHandler
                0xc1000594                GFXMMU_IRQHandler
                0xc1000594                I2C3_ER_IRQHandler
                0xc1000594                LPTIM3_IRQHandler
                0xc1000594                SAI2_A_IRQHandler
                0xc1000594                EXTI0_IRQHandler
                0xc1000594                HPDMA1_Channel9_IRQHandler
                0xc1000594                I2C2_EV_IRQHandler
                0xc1000594                GPU2D_IRQHandler
                0xc1000594                FPU_IRQHandler
                0xc1000594                GPDMA1_Channel3_IRQHandler
                0xc1000594                GPDMA1_Channel7_IRQHandler
                0xc1000594                FDCAN1_IT1_IRQHandler
                0xc1000594                HPDMA1_Channel3_IRQHandler
                0xc1000594                LTDC_ER_IRQHandler
                0xc1000594                ADC1_2_IRQHandler
                0xc1000594                GPDMA1_Channel9_IRQHandler
                0xc1000594                SPI1_IRQHandler
                0xc1000594                SAI1_B_IRQHandler
                0xc1000594                GPDMA1_Channel2_IRQHandler
                0xc1000594                I3C1_WKUP_IRQHandler
                0xc1000594                PKA_IRQHandler
                0xc1000594                HPDMA1_Channel2_IRQHandler
                0xc1000594                EXTI15_IRQHandler
                0xc1000594                TIM17_IRQHandler
                0xc1000594                USART3_IRQHandler
                0xc1000594                HPDMA1_Channel6_IRQHandler
                0xc1000594                RTC_IRQHandler
                0xc1000594                XSPI2_IRQHandler
                0xc1000594                EXTI9_IRQHandler
                0xc1000594                HPDMA1_Channel0_IRQHandler
                0xc1000594                LPTIM5_IRQHandler
                0xc1000594                HPDMA1_Channel1_IRQHandler
                0xc1000594                UART5_IRQHandler
                0xc1000594                TIM4_IRQHandler
                0xc1000594                I2C1_EV_IRQHandler
                0xc1000594                GPDMA1_Channel12_IRQHandler
                0xc1000594                HPDMA1_Channel7_IRQHandler
                0xc1000594                GPDMA1_Channel1_IRQHandler
                0xc1000594                TIM16_IRQHandler
                0xc1000594                GPDMA1_Channel15_IRQHandler
                0xc1000594                UART4_IRQHandler
                0xc1000594                TIM3_IRQHandler
                0xc1000594                RCC_IRQHandler
                0xc1000594                TIM1_TRG_COM_IRQHandler
                0xc1000594                SAI2_B_IRQHandler
                0xc1000594                Default_Handler
                0xc1000594                GPDMA1_Channel8_IRQHandler
                0xc1000594                HPDMA1_Channel8_IRQHandler
                0xc1000594                CEC_IRQHandler
                0xc1000594                TIM14_IRQHandler
                0xc1000594                TIM13_IRQHandler
                0xc1000594                GPDMA1_Channel11_IRQHandler
                0xc1000594                GPU2D_ER_IRQHandler
                0xc1000594                SPI5_IRQHandler
                0xc1000594                TIM12_IRQHandler
                0xc1000594                TIM7_IRQHandler
                0xc1000594                HPDMA1_Channel10_IRQHandler
                0xc1000594                SDMMC1_IRQHandler
                0xc1000594                TIM5_IRQHandler
                0xc1000594                UCPD1_IRQHandler
                0xc1000594                GPDMA1_Channel0_IRQHandler
                0xc1000594                I3C1_EV_IRQHandler
                0xc1000594                HPDMA1_Channel5_IRQHandler
                0xc1000594                TIM15_IRQHandler
                0xc1000594                I2C3_EV_IRQHandler
                0xc1000594                HPDMA1_Channel4_IRQHandler
                0xc1000594                HPDMA1_Channel15_IRQHandler
                0xc1000594                TIM9_IRQHandler
                0xc1000594                LTDC_IRQHandler
                0xc1000594                SPDIF_RX_IRQHandler
                0xc1000594                PVD_PVM_IRQHandler
                0xc1000594                SPI2_IRQHandler
                0xc1000594                HPDMA1_Channel11_IRQHandler
                0xc1000594                EXTI14_IRQHandler
                0xc1000594                EXTI11_IRQHandler
                0xc1000594                CRS_IRQHandler
                0xc1000594                GPDMA1_Channel14_IRQHandler
                0xc1000594                EXTI4_IRQHandler
                0xc1000594                GPDMA1_Channel13_IRQHandler
                0xc1000594                RNG_IRQHandler
                0xc1000594                FDCAN2_IT1_IRQHandler
                0xc1000594                ETH_IRQHandler
                0xc1000594                TIM1_UP_IRQHandler
                0xc1000594                WWDG_IRQHandler
                0xc1000594                SPI6_IRQHandler
                0xc1000594                MDIOS_IRQHandler
                0xc1000594                FDCAN2_IT0_IRQHandler
                0xc1000594                IWDG_IRQHandler
                0xc1000594                HPDMA1_Channel14_IRQHandler
                0xc1000594                LPUART1_IRQHandler
                0xc1000594                FDCAN1_IT0_IRQHandler
                0xc1000594                TIM2_IRQHandler
                0xc1000594                PSSI_IRQHandler
                0xc1000594                GPDMA1_Channel4_IRQHandler
                0xc1000594                OTG_HS_IRQHandler
                0xc1000594                EXTI7_IRQHandler
                0xc1000594                DMA2D_IRQHandler
                0xc1000594                TIM1_BRK_IRQHandler
                0xc1000594                EXTI1_IRQHandler
                0xc1000594                SDMMC2_IRQHandler
                0xc1000594                UART7_IRQHandler
                0xc1000594                DTS_IRQHandler
                0xc1000594                USART2_IRQHandler
                0xc1000594                GPDMA1_Channel6_IRQHandler
                0xc1000594                ADF1_FLT0_IRQHandler
                0xc1000594                RAMECC_IRQHandler
                0xc1000594                I2C2_ER_IRQHandler
                0xc1000594                HPDMA1_Channel12_IRQHandler
                0xc1000594                FLASH_IRQHandler
                0xc1000594                USART1_IRQHandler
                0xc1000594                EXTI10_IRQHandler
                0xc1000594                OTG_FS_IRQHandler
                0xc1000594                SPI3_IRQHandler
                0xc1000594                WAKEUP_PIN_IRQHandler
                0xc1000594                DCMIPP_IRQHandler
                0xc1000594                I2C1_ER_IRQHandler
                0xc1000594                FMC_IRQHandler
                0xc1000594                EXTI6_IRQHandler
                0xc1000594                LPTIM1_IRQHandler
                0xc1000594                GPDMA1_Channel10_IRQHandler
                0xc1000594                ICACHE_IRQHandler
                0xc1000594                HPDMA1_Channel13_IRQHandler
 *fill*         0xc1000596        0x2 
 .text.SystemInit
                0xc1000598       0x2c CMakeFiles/STM32_Drivers.dir/Core/Src/system_stm32h7rsxx.c.obj
                0xc1000598                SystemInit
 .text.SystemCoreClockUpdate
                0xc10005c4      0x270 CMakeFiles/STM32_Drivers.dir/Core/Src/system_stm32h7rsxx.c.obj
                0xc10005c4                SystemCoreClockUpdate
 .text.__NVIC_SetPriorityGrouping
                0xc1000834       0x48 CMakeFiles/STM32_Drivers.dir/Users/petrinamigdal/mcu_prj/my_lvgl_app5/Drivers/STM32H7RSxx_HAL_Driver/Src/stm32h7rsxx_hal_cortex.c.obj
 .text.__NVIC_GetPriorityGrouping
                0xc100087c       0x1c CMakeFiles/STM32_Drivers.dir/Users/petrinamigdal/mcu_prj/my_lvgl_app5/Drivers/STM32H7RSxx_HAL_Driver/Src/stm32h7rsxx_hal_cortex.c.obj
 .text.__NVIC_SetPriority
                0xc1000898       0x54 CMakeFiles/STM32_Drivers.dir/Users/petrinamigdal/mcu_prj/my_lvgl_app5/Drivers/STM32H7RSxx_HAL_Driver/Src/stm32h7rsxx_hal_cortex.c.obj
 .text.NVIC_EncodePriority
                0xc10008ec       0x66 CMakeFiles/STM32_Drivers.dir/Users/petrinamigdal/mcu_prj/my_lvgl_app5/Drivers/STM32H7RSxx_HAL_Driver/Src/stm32h7rsxx_hal_cortex.c.obj
 *fill*         0xc1000952        0x2 
 .text.SysTick_Config
                0xc1000954       0x44 CMakeFiles/STM32_Drivers.dir/Users/petrinamigdal/mcu_prj/my_lvgl_app5/Drivers/STM32H7RSxx_HAL_Driver/Src/stm32h7rsxx_hal_cortex.c.obj
 .text.HAL_NVIC_SetPriorityGrouping
                0xc1000998       0x16 CMakeFiles/STM32_Drivers.dir/Users/petrinamigdal/mcu_prj/my_lvgl_app5/Drivers/STM32H7RSxx_HAL_Driver/Src/stm32h7rsxx_hal_cortex.c.obj
                0xc1000998                HAL_NVIC_SetPriorityGrouping
 .text.HAL_NVIC_SetPriority
                0xc10009ae       0x34 CMakeFiles/STM32_Drivers.dir/Users/petrinamigdal/mcu_prj/my_lvgl_app5/Drivers/STM32H7RSxx_HAL_Driver/Src/stm32h7rsxx_hal_cortex.c.obj
                0xc10009ae                HAL_NVIC_SetPriority
 .text.HAL_SYSTICK_Config
                0xc10009e2       0x18 CMakeFiles/STM32_Drivers.dir/Users/petrinamigdal/mcu_prj/my_lvgl_app5/Drivers/STM32H7RSxx_HAL_Driver/Src/stm32h7rsxx_hal_cortex.c.obj
                0xc10009e2                HAL_SYSTICK_Config
 *fill*         0xc10009fa        0x2 
 .text.HAL_GPIO_Init
                0xc10009fc      0x2c0 CMakeFiles/STM32_Drivers.dir/Users/petrinamigdal/mcu_prj/my_lvgl_app5/Drivers/STM32H7RSxx_HAL_Driver/Src/stm32h7rsxx_hal_gpio.c.obj
                0xc10009fc                HAL_GPIO_Init
 .text.HAL_GPIO_WritePin
                0xc1000cbc       0x30 CMakeFiles/STM32_Drivers.dir/Users/petrinamigdal/mcu_prj/my_lvgl_app5/Drivers/STM32H7RSxx_HAL_Driver/Src/stm32h7rsxx_hal_gpio.c.obj
                0xc1000cbc                HAL_GPIO_WritePin
 .text.HAL_Init
                0xc1000cec       0x30 CMakeFiles/STM32_Drivers.dir/Users/petrinamigdal/mcu_prj/my_lvgl_app5/Drivers/STM32H7RSxx_HAL_Driver/Src/stm32h7rsxx_hal.c.obj
                0xc1000cec                HAL_Init
 .text.HAL_InitTick
                0xc1000d1c       0x78 CMakeFiles/STM32_Drivers.dir/Users/petrinamigdal/mcu_prj/my_lvgl_app5/Drivers/STM32H7RSxx_HAL_Driver/Src/stm32h7rsxx_hal.c.obj
                0xc1000d1c                HAL_InitTick
 .text.HAL_IncTick
                0xc1000d94       0x28 CMakeFiles/STM32_Drivers.dir/Users/petrinamigdal/mcu_prj/my_lvgl_app5/Drivers/STM32H7RSxx_HAL_Driver/Src/stm32h7rsxx_hal.c.obj
                0xc1000d94                HAL_IncTick
 .text.HAL_GetTick
                0xc1000dbc       0x18 CMakeFiles/STM32_Drivers.dir/Users/petrinamigdal/mcu_prj/my_lvgl_app5/Drivers/STM32H7RSxx_HAL_Driver/Src/stm32h7rsxx_hal.c.obj
                0xc1000dbc                HAL_GetTick
 .text.HAL_Delay
                0xc1000dd4       0x48 CMakeFiles/STM32_Drivers.dir/Users/petrinamigdal/mcu_prj/my_lvgl_app5/Drivers/STM32H7RSxx_HAL_Driver/Src/stm32h7rsxx_hal.c.obj
                0xc1000dd4                HAL_Delay
 *(.glue_7)
 .glue_7        0xc1000e1c        0x0 linker stubs
 *(.glue_7t)
 .glue_7t       0xc1000e1c        0x0 linker stubs
 *(.eh_frame)
 .eh_frame      0xc1000e1c        0x0 /Applications/ArmGNUToolchain/14.2.rel1/arm-none-eabi/bin/../lib/gcc/arm-none-eabi/14.2.1/thumb/v7e-m+dp/hard/crtbegin.o
 *(.init)
 .init          0xc1000e1c        0x4 /Applications/ArmGNUToolchain/14.2.rel1/arm-none-eabi/bin/../lib/gcc/arm-none-eabi/14.2.1/thumb/v7e-m+dp/hard/crti.o
                0xc1000e1c                _init
 .init          0xc1000e20        0x8 /Applications/ArmGNUToolchain/14.2.rel1/arm-none-eabi/bin/../lib/gcc/arm-none-eabi/14.2.1/thumb/v7e-m+dp/hard/crtn.o
 *(.fini)
 .fini          0xc1000e28        0x4 /Applications/ArmGNUToolchain/14.2.rel1/arm-none-eabi/bin/../lib/gcc/arm-none-eabi/14.2.1/thumb/v7e-m+dp/hard/crti.o
                0xc1000e28                _fini
 .fini          0xc1000e2c        0x8 /Applications/ArmGNUToolchain/14.2.rel1/arm-none-eabi/bin/../lib/gcc/arm-none-eabi/14.2.1/thumb/v7e-m+dp/hard/crtn.o
                0xc1000e34                        . = ALIGN (0x4)
                0xc1000e34                        _etext = .

.vfp11_veneer   0xc1000e34        0x0 load address 0x00000e34
 .vfp11_veneer  0xc1000e34        0x0 linker stubs

.v4_bx          0xc1000e34        0x0 load address 0x00000e34
 .v4_bx         0xc1000e34        0x0 linker stubs

.iplt           0xc1000e34        0x0 load address 0x00000e34
 .iplt          0xc1000e34        0x0 /Applications/ArmGNUToolchain/14.2.rel1/arm-none-eabi/bin/../lib/gcc/arm-none-eabi/14.2.1/thumb/v7e-m+dp/hard/crtbegin.o

.rodata         0xc1000e34        0x0 load address 0x00000e34
                0xc1000e34                        . = ALIGN (0x4)
 *(.rodata)
 *(.rodata*)
                0xc1000e34                        . = ALIGN (0x4)

.ARM.extab
 *(.ARM.extab* .gnu.linkonce.armextab.*)

.ARM            0xc1000e34        0x0 load address 0x00000e34
                0xc1000e34                        . = ALIGN (0x4)
                0xc1000e34                        __exidx_start = .
 *(.ARM.exidx*)
                0xc1000e34                        __exidx_end = .
                0xc1000e34                        . = ALIGN (0x4)

.preinit_array  0xc1000e34        0x0 load address 0x00000e34
                0xc1000e34                        PROVIDE (__preinit_array_start = .)
 *(.preinit_array*)
                0xc1000e34                        PROVIDE (__preinit_array_end = .)

.init_array     0xc1000e34        0x4 load address 0x00000e34
                0xc1000e34                        PROVIDE (__init_array_start = .)
 *(SORT_BY_NAME(.init_array.*))
 *(.init_array*)
 .init_array    0xc1000e34        0x4 /Applications/ArmGNUToolchain/14.2.rel1/arm-none-eabi/bin/../lib/gcc/arm-none-eabi/14.2.1/thumb/v7e-m+dp/hard/crtbegin.o
                0xc1000e38                        PROVIDE (__init_array_end = .)

.fini_array     0xc1000e38        0x4 load address 0x00000e38
                [!provide]                        PROVIDE (__fini_array_start = .)
 *(SORT_BY_NAME(.fini_array.*))
 *(.fini_array*)
 .fini_array    0xc1000e38        0x4 /Applications/ArmGNUToolchain/14.2.rel1/arm-none-eabi/bin/../lib/gcc/arm-none-eabi/14.2.1/thumb/v7e-m+dp/hard/crtbegin.o
                [!provide]                        PROVIDE (__fini_array_end = .)
                0x00000e3c                        _sidata = LOADADDR (.data)

.rel.dyn        0xc1000e3c        0x0 load address 0x00000e3c
 .rel.iplt      0xc1000e3c        0x0 /Applications/ArmGNUToolchain/14.2.rel1/arm-none-eabi/bin/../lib/gcc/arm-none-eabi/14.2.1/thumb/v7e-m+dp/hard/crtbegin.o

.data           0xc1000e3c        0xc load address 0x00000e3c
                0xc1000e3c                        . = ALIGN (0x4)
                0xc1000e3c                        _sdata = .
 *(.data)
 *(.data*)
 .data.SystemCoreClock
                0xc1000e3c        0x4 CMakeFiles/STM32_Drivers.dir/Core/Src/system_stm32h7rsxx.c.obj
                0xc1000e3c                SystemCoreClock
 .data.uwTickPrio
                0xc1000e40        0x4 CMakeFiles/STM32_Drivers.dir/Users/petrinamigdal/mcu_prj/my_lvgl_app5/Drivers/STM32H7RSxx_HAL_Driver/Src/stm32h7rsxx_hal.c.obj
                0xc1000e40                uwTickPrio
 .data.uwTickFreq
                0xc1000e44        0x1 CMakeFiles/STM32_Drivers.dir/Users/petrinamigdal/mcu_prj/my_lvgl_app5/Drivers/STM32H7RSxx_HAL_Driver/Src/stm32h7rsxx_hal.c.obj
                0xc1000e44                uwTickFreq
 *(.RamFunc)
 *(.RamFunc*)
                0xc1000e48                        . = ALIGN (0x4)
 *fill*         0xc1000e45        0x3 
                0xc1000e48                        _edata = .

.tm_clone_table
                0xc1000e48        0x0 load address 0x00000e48
 .tm_clone_table
                0xc1000e48        0x0 /Applications/ArmGNUToolchain/14.2.rel1/arm-none-eabi/bin/../lib/gcc/arm-none-eabi/14.2.1/thumb/v7e-m+dp/hard/crtbegin.o
 .tm_clone_table
                0xc1000e48        0x0 /Applications/ArmGNUToolchain/14.2.rel1/arm-none-eabi/bin/../lib/gcc/arm-none-eabi/14.2.1/thumb/v7e-m+dp/hard/crtend.o

.igot.plt       0xc1000e48        0x0 load address 0x00000e48
 .igot.plt      0xc1000e48        0x0 /Applications/ArmGNUToolchain/14.2.rel1/arm-none-eabi/bin/../lib/gcc/arm-none-eabi/14.2.1/thumb/v7e-m+dp/hard/crtbegin.o
                0xc1000e48                        . = ALIGN (0x4)

.bss            0xc1000e48       0x20 load address 0x00000e48
                0xc1000e48                        _sbss = .
                0xc1000e48                        __bss_start__ = _sbss
 *(.bss)
 *(.bss*)
 .bss.completed.1
                0xc1000e48        0x1 /Applications/ArmGNUToolchain/14.2.rel1/arm-none-eabi/bin/../lib/gcc/arm-none-eabi/14.2.1/thumb/v7e-m+dp/hard/crtbegin.o
 *fill*         0xc1000e49        0x3 
 .bss.object.0  0xc1000e4c       0x18 /Applications/ArmGNUToolchain/14.2.rel1/arm-none-eabi/bin/../lib/gcc/arm-none-eabi/14.2.1/thumb/v7e-m+dp/hard/crtbegin.o
 .bss.uwTick    0xc1000e64        0x4 CMakeFiles/STM32_Drivers.dir/Users/petrinamigdal/mcu_prj/my_lvgl_app5/Drivers/STM32H7RSxx_HAL_Driver/Src/stm32h7rsxx_hal.c.obj
                0xc1000e64                uwTick
 *(COMMON)
                0xc1000e68                        . = ALIGN (0x4)
                0xc1000e68                        _ebss = .
                0xc1000e68                        __bss_end__ = _ebss

.stm32_device_info
 *stm32_device_info.o(.rodata*)

RW_NONCACHEABLE
                0xc2000000        0x0
                0xc2000000                        __NONCACHEABLEBUFFER_BEGIN = .
 *(noncacheable_buffer)
                0xc2000000                        __NONCACHEABLEBUFFER_END = .

._user_heap_stack
                0x20000000     0x1800
                0x20000000                        . = ALIGN (0x8)
                [!provide]                        PROVIDE (end = .)
                0x20000000                        PROVIDE (_end = .)
                0x20000800                        . = (. + _Min_Heap_Size)
 *fill*         0x20000000      0x800 
                0x20001800                        . = (. + _Min_Stack_Size)
 *fill*         0x20000800     0x1000 
                0x20001800                        . = ALIGN (0x8)

.SDRAM          0xc1800000        0x0 load address 0x00000e48
                0xc1800000                        . = ALIGN (0x4)
 *(.sdram .sdram.*)
                0xc1800000                        . = ALIGN (0x4)

.LV_RAM         0x24000000        0x0 load address 0x00000e48
                0x24000000                        . = ALIGN (0x4)
 *(.lv_ram .lv_ram.*)
                0x24000000                        . = ALIGN (0x4)

/DISCARD/
 libc.a(*)
 libm.a(*)
 libgcc.a(*)

.ARM.attributes
                0x00000000       0x2e
 *(.ARM.attributes)
 .ARM.attributes
                0x00000000       0x20 /Applications/ArmGNUToolchain/14.2.rel1/arm-none-eabi/bin/../lib/gcc/arm-none-eabi/14.2.1/thumb/v7e-m+dp/hard/crti.o
 .ARM.attributes
                0x00000020       0x32 /Applications/ArmGNUToolchain/14.2.rel1/arm-none-eabi/bin/../lib/gcc/arm-none-eabi/14.2.1/thumb/v7e-m+dp/hard/crtbegin.o
 .ARM.attributes
                0x00000052       0x32 /Applications/ArmGNUToolchain/14.2.rel1/arm-none-eabi/bin/../lib/gcc/arm-none-eabi/14.2.1/../../../../arm-none-eabi/lib/thumb/v7e-m+dp/hard/libc_nano.a(libc_a-init.o)
 .ARM.attributes
                0x00000084       0x32 CMakeFiles/Appli.dir/Core/Src/main.c.obj
 .ARM.attributes
                0x000000b6       0x32 CMakeFiles/Appli.dir/Core/Src/gpio.c.obj
 .ARM.attributes
                0x000000e8       0x32 CMakeFiles/Appli.dir/Core/Src/stm32h7rsxx_it.c.obj
 .ARM.attributes
                0x0000011a       0x32 CMakeFiles/Appli.dir/Core/Src/stm32h7rsxx_hal_msp.c.obj
 .ARM.attributes
                0x0000014c       0x21 CMakeFiles/Appli.dir/Core/Startup/startup_stm32h7r7xx.s.obj
 .ARM.attributes
                0x0000016d       0x32 CMakeFiles/STM32_Drivers.dir/Core/Src/system_stm32h7rsxx.c.obj
 .ARM.attributes
                0x0000019f       0x32 CMakeFiles/STM32_Drivers.dir/Users/petrinamigdal/mcu_prj/my_lvgl_app5/Drivers/STM32H7RSxx_HAL_Driver/Src/stm32h7rsxx_hal_cortex.c.obj
 .ARM.attributes
                0x000001d1       0x32 CMakeFiles/STM32_Drivers.dir/Users/petrinamigdal/mcu_prj/my_lvgl_app5/Drivers/STM32H7RSxx_HAL_Driver/Src/stm32h7rsxx_hal_gpio.c.obj
 .ARM.attributes
                0x00000203       0x32 CMakeFiles/STM32_Drivers.dir/Users/petrinamigdal/mcu_prj/my_lvgl_app5/Drivers/STM32H7RSxx_HAL_Driver/Src/stm32h7rsxx_hal.c.obj
 .ARM.attributes
                0x00000235       0x32 /Applications/ArmGNUToolchain/14.2.rel1/arm-none-eabi/bin/../lib/gcc/arm-none-eabi/14.2.1/thumb/v7e-m+dp/hard/crtend.o
 .ARM.attributes
                0x00000267       0x20 /Applications/ArmGNUToolchain/14.2.rel1/arm-none-eabi/bin/../lib/gcc/arm-none-eabi/14.2.1/thumb/v7e-m+dp/hard/crtn.o
OUTPUT(Appli.elf elf32-littlearm)
LOAD linker stubs
LOAD /Applications/ArmGNUToolchain/14.2.rel1/arm-none-eabi/bin/../lib/gcc/arm-none-eabi/14.2.1/../../../../arm-none-eabi/lib/thumb/v7e-m+dp/hard/libc.a
LOAD /Applications/ArmGNUToolchain/14.2.rel1/arm-none-eabi/bin/../lib/gcc/arm-none-eabi/14.2.1/../../../../arm-none-eabi/lib/thumb/v7e-m+dp/hard/libm.a
LOAD /Applications/ArmGNUToolchain/14.2.rel1/arm-none-eabi/bin/../lib/gcc/arm-none-eabi/14.2.1/thumb/v7e-m+dp/hard/libgcc.a

.debug_frame    0x00000000     0x1250
 .debug_frame   0x00000000       0x2c /Applications/ArmGNUToolchain/14.2.rel1/arm-none-eabi/bin/../lib/gcc/arm-none-eabi/14.2.1/../../../../arm-none-eabi/lib/thumb/v7e-m+dp/hard/libc_nano.a(libc_a-init.o)
 .debug_frame   0x0000002c       0x48 CMakeFiles/Appli.dir/Core/Src/main.c.obj
 .debug_frame   0x00000074       0x34 CMakeFiles/Appli.dir/Core/Src/gpio.c.obj
 .debug_frame   0x000000a8      0x104 CMakeFiles/Appli.dir/Core/Src/stm32h7rsxx_it.c.obj
 .debug_frame   0x000001ac       0x30 CMakeFiles/Appli.dir/Core/Src/stm32h7rsxx_hal_msp.c.obj
 .debug_frame   0x000001dc       0x58 CMakeFiles/STM32_Drivers.dir/Core/Src/system_stm32h7rsxx.c.obj
 .debug_frame   0x00000234      0x508 CMakeFiles/STM32_Drivers.dir/Users/petrinamigdal/mcu_prj/my_lvgl_app5/Drivers/STM32H7RSxx_HAL_Driver/Src/stm32h7rsxx_hal_cortex.c.obj
 .debug_frame   0x0000073c      0x174 CMakeFiles/STM32_Drivers.dir/Users/petrinamigdal/mcu_prj/my_lvgl_app5/Drivers/STM32H7RSxx_HAL_Driver/Src/stm32h7rsxx_hal_gpio.c.obj
 .debug_frame   0x000008b0      0x9a0 CMakeFiles/STM32_Drivers.dir/Users/petrinamigdal/mcu_prj/my_lvgl_app5/Drivers/STM32H7RSxx_HAL_Driver/Src/stm32h7rsxx_hal.c.obj

.debug_info     0x00000000     0x49ba
 .debug_info    0x00000000      0x719 CMakeFiles/Appli.dir/Core/Src/main.c.obj
 .debug_info    0x00000719      0x647 CMakeFiles/Appli.dir/Core/Src/gpio.c.obj
 .debug_info    0x00000d60      0x128 CMakeFiles/Appli.dir/Core/Src/stm32h7rsxx_it.c.obj
 .debug_info    0x00000e88       0x9f CMakeFiles/Appli.dir/Core/Src/stm32h7rsxx_hal_msp.c.obj
 .debug_info    0x00000f27       0x30 CMakeFiles/Appli.dir/Core/Startup/startup_stm32h7r7xx.s.obj
 .debug_info    0x00000f57      0x9bd CMakeFiles/STM32_Drivers.dir/Core/Src/system_stm32h7rsxx.c.obj
 .debug_info    0x00001914     0x1103 CMakeFiles/STM32_Drivers.dir/Users/petrinamigdal/mcu_prj/my_lvgl_app5/Drivers/STM32H7RSxx_HAL_Driver/Src/stm32h7rsxx_hal_cortex.c.obj
 .debug_info    0x00002a17      0x702 CMakeFiles/STM32_Drivers.dir/Users/petrinamigdal/mcu_prj/my_lvgl_app5/Drivers/STM32H7RSxx_HAL_Driver/Src/stm32h7rsxx_hal_gpio.c.obj
 .debug_info    0x00003119     0x18a1 CMakeFiles/STM32_Drivers.dir/Users/petrinamigdal/mcu_prj/my_lvgl_app5/Drivers/STM32H7RSxx_HAL_Driver/Src/stm32h7rsxx_hal.c.obj

.debug_abbrev   0x00000000      0xdc7
 .debug_abbrev  0x00000000      0x1e9 CMakeFiles/Appli.dir/Core/Src/main.c.obj
 .debug_abbrev  0x000001e9      0x17f CMakeFiles/Appli.dir/Core/Src/gpio.c.obj
 .debug_abbrev  0x00000368       0x73 CMakeFiles/Appli.dir/Core/Src/stm32h7rsxx_it.c.obj
 .debug_abbrev  0x000003db       0x45 CMakeFiles/Appli.dir/Core/Src/stm32h7rsxx_hal_msp.c.obj
 .debug_abbrev  0x00000420       0x24 CMakeFiles/Appli.dir/Core/Startup/startup_stm32h7r7xx.s.obj
 .debug_abbrev  0x00000444      0x12e CMakeFiles/STM32_Drivers.dir/Core/Src/system_stm32h7rsxx.c.obj
 .debug_abbrev  0x00000572      0x31f CMakeFiles/STM32_Drivers.dir/Users/petrinamigdal/mcu_prj/my_lvgl_app5/Drivers/STM32H7RSxx_HAL_Driver/Src/stm32h7rsxx_hal_cortex.c.obj
 .debug_abbrev  0x00000891      0x1ec CMakeFiles/STM32_Drivers.dir/Users/petrinamigdal/mcu_prj/my_lvgl_app5/Drivers/STM32H7RSxx_HAL_Driver/Src/stm32h7rsxx_hal_gpio.c.obj
 .debug_abbrev  0x00000a7d      0x34a CMakeFiles/STM32_Drivers.dir/Users/petrinamigdal/mcu_prj/my_lvgl_app5/Drivers/STM32H7RSxx_HAL_Driver/Src/stm32h7rsxx_hal.c.obj

.debug_aranges  0x00000000      0x4e8
 .debug_aranges
                0x00000000       0x28 CMakeFiles/Appli.dir/Core/Src/main.c.obj
 .debug_aranges
                0x00000028       0x20 CMakeFiles/Appli.dir/Core/Src/gpio.c.obj
 .debug_aranges
                0x00000048       0x60 CMakeFiles/Appli.dir/Core/Src/stm32h7rsxx_it.c.obj
 .debug_aranges
                0x000000a8       0x20 CMakeFiles/Appli.dir/Core/Src/stm32h7rsxx_hal_msp.c.obj
 .debug_aranges
                0x000000c8       0x28 CMakeFiles/Appli.dir/Core/Startup/startup_stm32h7r7xx.s.obj
 .debug_aranges
                0x000000f0       0x28 CMakeFiles/STM32_Drivers.dir/Core/Src/system_stm32h7rsxx.c.obj
 .debug_aranges
                0x00000118      0x130 CMakeFiles/STM32_Drivers.dir/Users/petrinamigdal/mcu_prj/my_lvgl_app5/Drivers/STM32H7RSxx_HAL_Driver/Src/stm32h7rsxx_hal_cortex.c.obj
 .debug_aranges
                0x00000248       0x60 CMakeFiles/STM32_Drivers.dir/Users/petrinamigdal/mcu_prj/my_lvgl_app5/Drivers/STM32H7RSxx_HAL_Driver/Src/stm32h7rsxx_hal_gpio.c.obj
 .debug_aranges
                0x000002a8      0x240 CMakeFiles/STM32_Drivers.dir/Users/petrinamigdal/mcu_prj/my_lvgl_app5/Drivers/STM32H7RSxx_HAL_Driver/Src/stm32h7rsxx_hal.c.obj

.debug_rnglists
                0x00000000      0x389
 .debug_rnglists
                0x00000000       0x1a CMakeFiles/Appli.dir/Core/Src/main.c.obj
 .debug_rnglists
                0x0000001a       0x13 CMakeFiles/Appli.dir/Core/Src/gpio.c.obj
 .debug_rnglists
                0x0000002d       0x43 CMakeFiles/Appli.dir/Core/Src/stm32h7rsxx_it.c.obj
 .debug_rnglists
                0x00000070       0x13 CMakeFiles/Appli.dir/Core/Src/stm32h7rsxx_hal_msp.c.obj
 .debug_rnglists
                0x00000083       0x19 CMakeFiles/Appli.dir/Core/Startup/startup_stm32h7r7xx.s.obj
 .debug_rnglists
                0x0000009c       0x1a CMakeFiles/STM32_Drivers.dir/Core/Src/system_stm32h7rsxx.c.obj
 .debug_rnglists
                0x000000b6       0xe0 CMakeFiles/STM32_Drivers.dir/Users/petrinamigdal/mcu_prj/my_lvgl_app5/Drivers/STM32H7RSxx_HAL_Driver/Src/stm32h7rsxx_hal_cortex.c.obj
 .debug_rnglists
                0x00000196       0x45 CMakeFiles/STM32_Drivers.dir/Users/petrinamigdal/mcu_prj/my_lvgl_app5/Drivers/STM32H7RSxx_HAL_Driver/Src/stm32h7rsxx_hal_gpio.c.obj
 .debug_rnglists
                0x000001db      0x1ae CMakeFiles/STM32_Drivers.dir/Users/petrinamigdal/mcu_prj/my_lvgl_app5/Drivers/STM32H7RSxx_HAL_Driver/Src/stm32h7rsxx_hal.c.obj

.debug_macro    0x00000000    0x2dfda
 .debug_macro   0x00000000      0x26b CMakeFiles/Appli.dir/Core/Src/main.c.obj
 .debug_macro   0x0000026b      0xaf0 CMakeFiles/Appli.dir/Core/Src/main.c.obj
 .debug_macro   0x00000d5b      0x1b0 CMakeFiles/Appli.dir/Core/Src/main.c.obj
 .debug_macro   0x00000f0b       0x2e CMakeFiles/Appli.dir/Core/Src/main.c.obj
 .debug_macro   0x00000f39       0x42 CMakeFiles/Appli.dir/Core/Src/main.c.obj
 .debug_macro   0x00000f7b       0x22 CMakeFiles/Appli.dir/Core/Src/main.c.obj
 .debug_macro   0x00000f9d       0x8e CMakeFiles/Appli.dir/Core/Src/main.c.obj
 .debug_macro   0x0000102b       0x51 CMakeFiles/Appli.dir/Core/Src/main.c.obj
 .debug_macro   0x0000107c      0x103 CMakeFiles/Appli.dir/Core/Src/main.c.obj
 .debug_macro   0x0000117f       0x6a CMakeFiles/Appli.dir/Core/Src/main.c.obj
 .debug_macro   0x000011e9      0x1df CMakeFiles/Appli.dir/Core/Src/main.c.obj
 .debug_macro   0x000013c8       0x1c CMakeFiles/Appli.dir/Core/Src/main.c.obj
 .debug_macro   0x000013e4       0x22 CMakeFiles/Appli.dir/Core/Src/main.c.obj
 .debug_macro   0x00001406       0xfb CMakeFiles/Appli.dir/Core/Src/main.c.obj
 .debug_macro   0x00001501     0x1313 CMakeFiles/Appli.dir/Core/Src/main.c.obj
 .debug_macro   0x00002814      0x11f CMakeFiles/Appli.dir/Core/Src/main.c.obj
 .debug_macro   0x00002933       0x22 CMakeFiles/Appli.dir/Core/Src/main.c.obj
 .debug_macro   0x00002955    0x20bbf CMakeFiles/Appli.dir/Core/Src/main.c.obj
 .debug_macro   0x00023514       0x6d CMakeFiles/Appli.dir/Core/Src/main.c.obj
 .debug_macro   0x00023581     0x3478 CMakeFiles/Appli.dir/Core/Src/main.c.obj
 .debug_macro   0x000269f9       0x7b CMakeFiles/Appli.dir/Core/Src/main.c.obj
 .debug_macro   0x00026a74       0x29 CMakeFiles/Appli.dir/Core/Src/main.c.obj
 .debug_macro   0x00026a9d       0x3c CMakeFiles/Appli.dir/Core/Src/main.c.obj
 .debug_macro   0x00026ad9       0x34 CMakeFiles/Appli.dir/Core/Src/main.c.obj
 .debug_macro   0x00026b0d      0x190 CMakeFiles/Appli.dir/Core/Src/main.c.obj
 .debug_macro   0x00026c9d      0x364 CMakeFiles/Appli.dir/Core/Src/main.c.obj
 .debug_macro   0x00027001       0x16 CMakeFiles/Appli.dir/Core/Src/main.c.obj
 .debug_macro   0x00027017       0x4a CMakeFiles/Appli.dir/Core/Src/main.c.obj
 .debug_macro   0x00027061       0x34 CMakeFiles/Appli.dir/Core/Src/main.c.obj
 .debug_macro   0x00027095       0x10 CMakeFiles/Appli.dir/Core/Src/main.c.obj
 .debug_macro   0x000270a5       0x58 CMakeFiles/Appli.dir/Core/Src/main.c.obj
 .debug_macro   0x000270fd      0x1e5 CMakeFiles/Appli.dir/Core/Src/main.c.obj
 .debug_macro   0x000272e2      0x19b CMakeFiles/Appli.dir/Core/Src/main.c.obj
 .debug_macro   0x0002747d       0x64 CMakeFiles/Appli.dir/Core/Src/main.c.obj
 .debug_macro   0x000274e1      0xac3 CMakeFiles/Appli.dir/Core/Src/main.c.obj
 .debug_macro   0x00027fa4     0x1f30 CMakeFiles/Appli.dir/Core/Src/main.c.obj
 .debug_macro   0x00029ed4      0x93a CMakeFiles/Appli.dir/Core/Src/main.c.obj
 .debug_macro   0x0002a80e      0x170 CMakeFiles/Appli.dir/Core/Src/main.c.obj
 .debug_macro   0x0002a97e      0x1ba CMakeFiles/Appli.dir/Core/Src/main.c.obj
 .debug_macro   0x0002ab38      0x2e8 CMakeFiles/Appli.dir/Core/Src/main.c.obj
 .debug_macro   0x0002ae20      0x590 CMakeFiles/Appli.dir/Core/Src/main.c.obj
 .debug_macro   0x0002b3b0      0x52e CMakeFiles/Appli.dir/Core/Src/main.c.obj
 .debug_macro   0x0002b8de       0xba CMakeFiles/Appli.dir/Core/Src/main.c.obj
 .debug_macro   0x0002b998      0x27c CMakeFiles/Appli.dir/Core/Src/main.c.obj
 .debug_macro   0x0002bc14      0x2c0 CMakeFiles/Appli.dir/Core/Src/main.c.obj
 .debug_macro   0x0002bed4      0x3fb CMakeFiles/Appli.dir/Core/Src/main.c.obj
 .debug_macro   0x0002c2cf       0xb0 CMakeFiles/Appli.dir/Core/Src/main.c.obj
 .debug_macro   0x0002c37f      0x11c CMakeFiles/Appli.dir/Core/Src/main.c.obj
 .debug_macro   0x0002c49b      0x210 CMakeFiles/Appli.dir/Core/Src/main.c.obj
 .debug_macro   0x0002c6ab      0x2a0 CMakeFiles/Appli.dir/Core/Src/main.c.obj
 .debug_macro   0x0002c94b       0x3c CMakeFiles/Appli.dir/Core/Src/main.c.obj
 .debug_macro   0x0002c987      0x58d CMakeFiles/Appli.dir/Core/Src/main.c.obj
 .debug_macro   0x0002cf14      0x267 CMakeFiles/Appli.dir/Core/Src/gpio.c.obj
 .debug_macro   0x0002d17b      0x267 CMakeFiles/Appli.dir/Core/Src/stm32h7rsxx_it.c.obj
 .debug_macro   0x0002d3e2      0x25d CMakeFiles/Appli.dir/Core/Src/stm32h7rsxx_hal_msp.c.obj
 .debug_macro   0x0002d63f      0x259 CMakeFiles/STM32_Drivers.dir/Core/Src/system_stm32h7rsxx.c.obj
 .debug_macro   0x0002d898      0x253 CMakeFiles/STM32_Drivers.dir/Users/petrinamigdal/mcu_prj/my_lvgl_app5/Drivers/STM32H7RSxx_HAL_Driver/Src/stm32h7rsxx_hal_cortex.c.obj
 .debug_macro   0x0002daeb      0x25a CMakeFiles/STM32_Drivers.dir/Users/petrinamigdal/mcu_prj/my_lvgl_app5/Drivers/STM32H7RSxx_HAL_Driver/Src/stm32h7rsxx_hal_gpio.c.obj
 .debug_macro   0x0002dd45      0x295 CMakeFiles/STM32_Drivers.dir/Users/petrinamigdal/mcu_prj/my_lvgl_app5/Drivers/STM32H7RSxx_HAL_Driver/Src/stm32h7rsxx_hal.c.obj

.debug_line     0x00000000     0x4a83
 .debug_line    0x00000000      0x7c8 CMakeFiles/Appli.dir/Core/Src/main.c.obj
 .debug_line    0x000007c8      0x6bc CMakeFiles/Appli.dir/Core/Src/gpio.c.obj
 .debug_line    0x00000e84      0x762 CMakeFiles/Appli.dir/Core/Src/stm32h7rsxx_it.c.obj
 .debug_line    0x000015e6      0x6ad CMakeFiles/Appli.dir/Core/Src/stm32h7rsxx_hal_msp.c.obj
 .debug_line    0x00001c93       0x6f CMakeFiles/Appli.dir/Core/Startup/startup_stm32h7r7xx.s.obj
 .debug_line    0x00001d02      0x7ba CMakeFiles/STM32_Drivers.dir/Core/Src/system_stm32h7rsxx.c.obj
 .debug_line    0x000024bc      0xc88 CMakeFiles/STM32_Drivers.dir/Users/petrinamigdal/mcu_prj/my_lvgl_app5/Drivers/STM32H7RSxx_HAL_Driver/Src/stm32h7rsxx_hal_cortex.c.obj
 .debug_line    0x00003144      0xa5f CMakeFiles/STM32_Drivers.dir/Users/petrinamigdal/mcu_prj/my_lvgl_app5/Drivers/STM32H7RSxx_HAL_Driver/Src/stm32h7rsxx_hal_gpio.c.obj
 .debug_line    0x00003ba3      0xee0 CMakeFiles/STM32_Drivers.dir/Users/petrinamigdal/mcu_prj/my_lvgl_app5/Drivers/STM32H7RSxx_HAL_Driver/Src/stm32h7rsxx_hal.c.obj

.debug_str      0x00000000   0x1266e6
 .debug_str     0x00000000   0x1266e6 CMakeFiles/Appli.dir/Core/Src/main.c.obj
                             0x124b16 (size before relaxing)
 .debug_str     0x001266e6   0x124bc7 CMakeFiles/Appli.dir/Core/Src/gpio.c.obj
 .debug_str     0x001266e6   0x1248f8 CMakeFiles/Appli.dir/Core/Src/stm32h7rsxx_it.c.obj
 .debug_str     0x001266e6   0x124859 CMakeFiles/Appli.dir/Core/Src/stm32h7rsxx_hal_msp.c.obj
 .debug_str     0x001266e6       0xa5 CMakeFiles/Appli.dir/Core/Startup/startup_stm32h7r7xx.s.obj
 .debug_str     0x001266e6   0x124cb0 CMakeFiles/STM32_Drivers.dir/Core/Src/system_stm32h7rsxx.c.obj
 .debug_str     0x001266e6   0x125749 CMakeFiles/STM32_Drivers.dir/Users/petrinamigdal/mcu_prj/my_lvgl_app5/Drivers/STM32H7RSxx_HAL_Driver/Src/stm32h7rsxx_hal_cortex.c.obj
 .debug_str     0x001266e6   0x124b5e CMakeFiles/STM32_Drivers.dir/Users/petrinamigdal/mcu_prj/my_lvgl_app5/Drivers/STM32H7RSxx_HAL_Driver/Src/stm32h7rsxx_hal_gpio.c.obj
 .debug_str     0x001266e6   0x126147 CMakeFiles/STM32_Drivers.dir/Users/petrinamigdal/mcu_prj/my_lvgl_app5/Drivers/STM32H7RSxx_HAL_Driver/Src/stm32h7rsxx_hal.c.obj

.comment        0x00000000       0x45
 .comment       0x00000000       0x45 CMakeFiles/Appli.dir/Core/Src/main.c.obj
                                 0x46 (size before relaxing)
 .comment       0x00000045       0x46 CMakeFiles/Appli.dir/Core/Src/gpio.c.obj
 .comment       0x00000045       0x46 CMakeFiles/Appli.dir/Core/Src/stm32h7rsxx_it.c.obj
 .comment       0x00000045       0x46 CMakeFiles/Appli.dir/Core/Src/stm32h7rsxx_hal_msp.c.obj
 .comment       0x00000045       0x46 CMakeFiles/STM32_Drivers.dir/Core/Src/system_stm32h7rsxx.c.obj
 .comment       0x00000045       0x46 CMakeFiles/STM32_Drivers.dir/Users/petrinamigdal/mcu_prj/my_lvgl_app5/Drivers/STM32H7RSxx_HAL_Driver/Src/stm32h7rsxx_hal_cortex.c.obj
 .comment       0x00000045       0x46 CMakeFiles/STM32_Drivers.dir/Users/petrinamigdal/mcu_prj/my_lvgl_app5/Drivers/STM32H7RSxx_HAL_Driver/Src/stm32h7rsxx_hal_gpio.c.obj
 .comment       0x00000045       0x46 CMakeFiles/STM32_Drivers.dir/Users/petrinamigdal/mcu_prj/my_lvgl_app5/Drivers/STM32H7RSxx_HAL_Driver/Src/stm32h7rsxx_hal.c.obj

.debug_line_str
                0x00000000       0x89
 .debug_line_str
                0x00000000       0x89 CMakeFiles/Appli.dir/Core/Startup/startup_stm32h7r7xx.s.obj
